192.168.56.1 - - [03/Aug/2022:13:52:59 +0800] "GET /nacos/v1/cs/health HTTP/1.1" 200 2 69 Apache-HttpAsyncClient/4.1.3 (Java/1.8.0_131)
192.168.56.1 - - [03/Aug/2022:13:53:04 +0800] "GET /nacos/v1/cs/health HTTP/1.1" 200 2 3 Apache-HttpAsyncClient/4.1.3 (Java/1.8.0_131)
192.168.56.1 - - [03/Aug/2022:13:53:09 +0800] "GET /nacos/v1/cs/health HTTP/1.1" 200 2 7 Apache-HttpAsyncClient/4.1.3 (Java/1.8.0_131)
192.168.56.1 - - [03/Aug/2022:13:53:14 +0800] "GET /nacos/v1/cs/health HTTP/1.1" 200 2 3 Apache-HttpAsyncClient/4.1.3 (Java/1.8.0_131)
0:0:0:0:0:0:0:1 - - [03/Aug/2022:13:53:16 +0800] "GET /nacos/v1/console/server/state HTTP/1.1" 200 82 30 Mozilla/5.0 (Windows NT 10.0; Win64; x64) AppleWebKit/537.36 (KHTML, like Gecko) Chrome/103.0.5060.134 Safari/537.36 Edg/103.0.1264.77
0:0:0:0:0:0:0:1 - - [03/Aug/2022:13:53:16 +0800] "GET /nacos/v1/console/namespaces?namespaceId= HTTP/1.1" 401 154 228 Mozilla/5.0 (Windows NT 10.0; Win64; x64) AppleWebKit/537.36 (KHTML, like Gecko) Chrome/103.0.5060.134 Safari/537.36 Edg/103.0.1264.77
0:0:0:0:0:0:0:1 - - [03/Aug/2022:13:53:16 +0800] "GET /nacos/v1/cs/configs?search=accurate&dataId=&group=&appName=&config_tags=&pageNo=1&pageSize=10&tenant=&namespaceId= HTTP/1.1" 200 411 73 Mozilla/5.0 (Windows NT 10.0; Win64; x64) AppleWebKit/537.36 (KHTML, like Gecko) Chrome/103.0.5060.134 Safari/537.36 Edg/103.0.1264.77
192.168.56.1 - - [03/Aug/2022:13:53:19 +0800] "GET /nacos/v1/cs/health HTTP/1.1" 200 2 3 Apache-HttpAsyncClient/4.1.3 (Java/1.8.0_131)
0:0:0:0:0:0:0:1 - - [03/Aug/2022:13:53:23 +0800] "POST /nacos/v1/auth/login HTTP/1.1" 200 60 160 Mozilla/5.0 (Windows NT 10.0; Win64; x64) AppleWebKit/537.36 (KHTML, like Gecko) Chrome/103.0.5060.134 Safari/537.36 Edg/103.0.1264.77
192.168.56.1 - - [03/Aug/2022:13:53:24 +0800] "GET /nacos/v1/cs/health HTTP/1.1" 200 2 2 Apache-HttpAsyncClient/4.1.3 (Java/1.8.0_131)
0:0:0:0:0:0:0:1 - - [03/Aug/2022:13:53:26 +0800] "POST /nacos/v1/auth/login HTTP/1.1" 200 60 74 Mozilla/5.0 (Windows NT 10.0; Win64; x64) AppleWebKit/537.36 (KHTML, like Gecko) Chrome/103.0.5060.134 Safari/537.36 Edg/103.0.1264.77
192.168.56.1 - - [03/Aug/2022:13:53:29 +0800] "GET /nacos/v1/cs/health HTTP/1.1" 200 2 3 Apache-HttpAsyncClient/4.1.3 (Java/1.8.0_131)
0:0:0:0:0:0:0:1 - - [03/Aug/2022:13:53:30 +0800] "POST /nacos/v1/auth/login HTTP/1.1" 200 176 86 Mozilla/5.0 (Windows NT 10.0; Win64; x64) AppleWebKit/537.36 (KHTML, like Gecko) Chrome/103.0.5060.134 Safari/537.36 Edg/103.0.1264.77
0:0:0:0:0:0:0:1 - - [03/Aug/2022:13:53:30 +0800] "GET /nacos/v1/console/server/state HTTP/1.1" 200 82 5 Mozilla/5.0 (Windows NT 10.0; Win64; x64) AppleWebKit/537.36 (KHTML, like Gecko) Chrome/103.0.5060.134 Safari/537.36 Edg/103.0.1264.77
0:0:0:0:0:0:0:1 - - [03/Aug/2022:13:53:30 +0800] "GET /nacos/v1/console/namespaces?namespaceId= HTTP/1.1" 200 839 75 Mozilla/5.0 (Windows NT 10.0; Win64; x64) AppleWebKit/537.36 (KHTML, like Gecko) Chrome/103.0.5060.134 Safari/537.36 Edg/103.0.1264.77
0:0:0:0:0:0:0:1 - - [03/Aug/2022:13:53:30 +0800] "GET /nacos/v1/cs/configs?search=accurate&dataId=&group=&appName=&config_tags=&pageNo=1&pageSize=10&tenant=&namespaceId= HTTP/1.1" 200 411 6 Mozilla/5.0 (Windows NT 10.0; Win64; x64) AppleWebKit/537.36 (KHTML, like Gecko) Chrome/103.0.5060.134 Safari/537.36 Edg/103.0.1264.77
0:0:0:0:0:0:0:1 - - [03/Aug/2022:13:53:34 +0800] "GET /nacos/v1/console/namespaces?namespaceId= HTTP/1.1" 200 839 10 Mozilla/5.0 (Windows NT 10.0; Win64; x64) AppleWebKit/537.36 (KHTML, like Gecko) Chrome/103.0.5060.134 Safari/537.36 Edg/103.0.1264.77
192.168.56.1 - - [03/Aug/2022:13:53:34 +0800] "GET /nacos/v1/cs/health HTTP/1.1" 200 2 3 Apache-HttpAsyncClient/4.1.3 (Java/1.8.0_131)
192.168.56.1 - - [03/Aug/2022:13:53:39 +0800] "GET /nacos/v1/cs/health HTTP/1.1" 200 2 2 Apache-HttpAsyncClient/4.1.3 (Java/1.8.0_131)
192.168.56.1 - - [03/Aug/2022:13:53:44 +0800] "GET /nacos/v1/cs/health HTTP/1.1" 200 2 5 Apache-HttpAsyncClient/4.1.3 (Java/1.8.0_131)
192.168.56.1 - - [03/Aug/2022:13:53:49 +0800] "GET /nacos/v1/cs/health HTTP/1.1" 200 2 4 Apache-HttpAsyncClient/4.1.3 (Java/1.8.0_131)
0:0:0:0:0:0:0:1 - - [03/Aug/2022:13:53:50 +0800] "POST /nacos/v1/console/namespaces HTTP/1.1" 200 14 15 Mozilla/5.0 (Windows NT 10.0; Win64; x64) AppleWebKit/537.36 (KHTML, like Gecko) Chrome/103.0.5060.134 Safari/537.36 Edg/103.0.1264.77
0:0:0:0:0:0:0:1 - - [03/Aug/2022:13:53:52 +0800] "GET /nacos/v1/console/namespaces?namespaceId= HTTP/1.1" 200 959 14 Mozilla/5.0 (Windows NT 10.0; Win64; x64) AppleWebKit/537.36 (KHTML, like Gecko) Chrome/103.0.5060.134 Safari/537.36 Edg/103.0.1264.77
0:0:0:0:0:0:0:1 - - [03/Aug/2022:13:53:52 +0800] "GET /nacos/v1/console/namespaces?namespaceId= HTTP/1.1" 200 959 7 Mozilla/5.0 (Windows NT 10.0; Win64; x64) AppleWebKit/537.36 (KHTML, like Gecko) Chrome/103.0.5060.134 Safari/537.36 Edg/103.0.1264.77
192.168.56.1 - - [03/Aug/2022:13:53:54 +0800] "GET /nacos/v1/cs/health HTTP/1.1" 200 2 2 Apache-HttpAsyncClient/4.1.3 (Java/1.8.0_131)
192.168.56.1 - - [03/Aug/2022:13:53:59 +0800] "GET /nacos/v1/cs/health HTTP/1.1" 200 2 3 Apache-HttpAsyncClient/4.1.3 (Java/1.8.0_131)
192.168.56.1 - - [03/Aug/2022:13:54:04 +0800] "GET /nacos/v1/cs/health HTTP/1.1" 200 2 6 Apache-HttpAsyncClient/4.1.3 (Java/1.8.0_131)
192.168.56.1 - - [03/Aug/2022:13:54:09 +0800] "GET /nacos/v1/cs/health HTTP/1.1" 200 2 2 Apache-HttpAsyncClient/4.1.3 (Java/1.8.0_131)
192.168.56.1 - - [03/Aug/2022:13:54:14 +0800] "GET /nacos/v1/cs/health HTTP/1.1" 200 2 5 Apache-HttpAsyncClient/4.1.3 (Java/1.8.0_131)
192.168.56.1 - - [03/Aug/2022:13:54:19 +0800] "GET /nacos/v1/cs/health HTTP/1.1" 200 2 3 Apache-HttpAsyncClient/4.1.3 (Java/1.8.0_131)
192.168.56.1 - - [03/Aug/2022:13:54:24 +0800] "GET /nacos/v1/cs/health HTTP/1.1" 200 2 5 Apache-HttpAsyncClient/4.1.3 (Java/1.8.0_131)
192.168.56.1 - - [03/Aug/2022:13:54:29 +0800] "GET /nacos/v1/cs/health HTTP/1.1" 200 2 5 Apache-HttpAsyncClient/4.1.3 (Java/1.8.0_131)
192.168.56.1 - - [03/Aug/2022:13:54:34 +0800] "GET /nacos/v1/cs/health HTTP/1.1" 200 2 2 Apache-HttpAsyncClient/4.1.3 (Java/1.8.0_131)
192.168.56.1 - - [03/Aug/2022:13:54:39 +0800] "GET /nacos/v1/cs/health HTTP/1.1" 200 2 2 Apache-HttpAsyncClient/4.1.3 (Java/1.8.0_131)
192.168.56.1 - - [03/Aug/2022:13:54:44 +0800] "GET /nacos/v1/cs/health HTTP/1.1" 200 2 5 Apache-HttpAsyncClient/4.1.3 (Java/1.8.0_131)
192.168.56.1 - - [03/Aug/2022:13:54:49 +0800] "GET /nacos/v1/cs/health HTTP/1.1" 200 2 1 Apache-HttpAsyncClient/4.1.3 (Java/1.8.0_131)
192.168.56.1 - - [03/Aug/2022:13:54:54 +0800] "GET /nacos/v1/cs/health HTTP/1.1" 200 2 2 Apache-HttpAsyncClient/4.1.3 (Java/1.8.0_131)
192.168.56.1 - - [03/Aug/2022:13:54:59 +0800] "GET /nacos/v1/cs/health HTTP/1.1" 200 2 5 Apache-HttpAsyncClient/4.1.3 (Java/1.8.0_131)
192.168.56.1 - - [03/Aug/2022:13:55:04 +0800] "GET /nacos/v1/cs/health HTTP/1.1" 200 2 2 Apache-HttpAsyncClient/4.1.3 (Java/1.8.0_131)
192.168.56.1 - - [03/Aug/2022:13:55:09 +0800] "GET /nacos/v1/cs/health HTTP/1.1" 200 2 2 Apache-HttpAsyncClient/4.1.3 (Java/1.8.0_131)
192.168.56.1 - - [03/Aug/2022:13:55:14 +0800] "GET /nacos/v1/cs/health HTTP/1.1" 200 2 2 Apache-HttpAsyncClient/4.1.3 (Java/1.8.0_131)
192.168.56.1 - - [03/Aug/2022:13:55:19 +0800] "GET /nacos/v1/cs/health HTTP/1.1" 200 2 3 Apache-HttpAsyncClient/4.1.3 (Java/1.8.0_131)
192.168.56.1 - - [03/Aug/2022:13:55:24 +0800] "GET /nacos/v1/cs/health HTTP/1.1" 200 2 4 Apache-HttpAsyncClient/4.1.3 (Java/1.8.0_131)
192.168.56.1 - - [03/Aug/2022:13:55:29 +0800] "GET /nacos/v1/cs/health HTTP/1.1" 200 2 1 Apache-HttpAsyncClient/4.1.3 (Java/1.8.0_131)
0:0:0:0:0:0:0:1 - - [03/Aug/2022:13:55:30 +0800] "GET /nacos/v1/cs/configs?search=accurate&dataId=&group=&appName=&config_tags=&pageNo=1&pageSize=10&tenant=&namespaceId= HTTP/1.1" 200 411 6 Mozilla/5.0 (Windows NT 10.0; Win64; x64) AppleWebKit/537.36 (KHTML, like Gecko) Chrome/103.0.5060.134 Safari/537.36 Edg/103.0.1264.77
0:0:0:0:0:0:0:1 - - [03/Aug/2022:13:55:33 +0800] "GET /nacos/ HTTP/1.1" 304 - 27 Mozilla/5.0 (Windows NT 10.0; Win64; x64) AppleWebKit/537.36 (KHTML, like Gecko) Chrome/103.0.5060.134 Safari/537.36 Edg/103.0.1264.77
0:0:0:0:0:0:0:1 - - [03/Aug/2022:13:55:33 +0800] "GET /nacos/v1/console/namespaces?namespaceId= HTTP/1.1" 200 959 7 Mozilla/5.0 (Windows NT 10.0; Win64; x64) AppleWebKit/537.36 (KHTML, like Gecko) Chrome/103.0.5060.134 Safari/537.36 Edg/103.0.1264.77
0:0:0:0:0:0:0:1 - - [03/Aug/2022:13:55:33 +0800] "GET /nacos/v1/console/server/state HTTP/1.1" 200 82 3 Mozilla/5.0 (Windows NT 10.0; Win64; x64) AppleWebKit/537.36 (KHTML, like Gecko) Chrome/103.0.5060.134 Safari/537.36 Edg/103.0.1264.77
0:0:0:0:0:0:0:1 - - [03/Aug/2022:13:55:33 +0800] "GET /nacos/v1/cs/configs?search=accurate&dataId=&group=&appName=&config_tags=&pageNo=1&pageSize=10&tenant=&namespaceId= HTTP/1.1" 200 411 4 Mozilla/5.0 (Windows NT 10.0; Win64; x64) AppleWebKit/537.36 (KHTML, like Gecko) Chrome/103.0.5060.134 Safari/537.36 Edg/103.0.1264.77
192.168.56.1 - - [03/Aug/2022:13:55:34 +0800] "GET /nacos/v1/cs/health HTTP/1.1" 200 2 3 Apache-HttpAsyncClient/4.1.3 (Java/1.8.0_131)
0:0:0:0:0:0:0:1 - - [03/Aug/2022:13:55:37 +0800] "GET /nacos/v1/cs/configs?search=accurate&dataId=&group=&appName=&config_tags=&pageNo=1&pageSize=10&tenant=01617cf1-e2c5-4ee4-87cc-d56d90711130&namespaceId=01617cf1-e2c5-4ee4-87cc-d56d90711130 HTTP/1.1" 200 - 4 Mozilla/5.0 (Windows NT 10.0; Win64; x64) AppleWebKit/537.36 (KHTML, like Gecko) Chrome/103.0.5060.134 Safari/537.36 Edg/103.0.1264.77
192.168.56.1 - - [03/Aug/2022:13:55:39 +0800] "GET /nacos/v1/cs/health HTTP/1.1" 200 2 2 Apache-HttpAsyncClient/4.1.3 (Java/1.8.0_131)
192.168.56.1 - - [03/Aug/2022:13:55:44 +0800] "GET /nacos/v1/cs/health HTTP/1.1" 200 2 1 Apache-HttpAsyncClient/4.1.3 (Java/1.8.0_131)
192.168.56.1 - - [03/Aug/2022:13:55:49 +0800] "GET /nacos/v1/cs/health HTTP/1.1" 200 2 5 Apache-HttpAsyncClient/4.1.3 (Java/1.8.0_131)
192.168.56.1 - - [03/Aug/2022:13:55:54 +0800] "GET /nacos/v1/cs/health HTTP/1.1" 200 2 3 Apache-HttpAsyncClient/4.1.3 (Java/1.8.0_131)
192.168.56.1 - - [03/Aug/2022:13:55:59 +0800] "GET /nacos/v1/cs/health HTTP/1.1" 200 2 4 Apache-HttpAsyncClient/4.1.3 (Java/1.8.0_131)
192.168.56.1 - - [03/Aug/2022:13:56:04 +0800] "GET /nacos/v1/cs/health HTTP/1.1" 200 2 5 Apache-HttpAsyncClient/4.1.3 (Java/1.8.0_131)
192.168.56.1 - - [03/Aug/2022:13:56:09 +0800] "GET /nacos/v1/cs/health HTTP/1.1" 200 2 5 Apache-HttpAsyncClient/4.1.3 (Java/1.8.0_131)
192.168.56.1 - - [03/Aug/2022:13:56:14 +0800] "GET /nacos/v1/cs/health HTTP/1.1" 200 2 2 Apache-HttpAsyncClient/4.1.3 (Java/1.8.0_131)
0:0:0:0:0:0:0:1 - - [03/Aug/2022:13:56:16 +0800] "GET /nacos/console-fe/public/js/vs/basic-languages/src/yaml.js HTTP/1.1" 200 3869 16 Mozilla/5.0 (Windows NT 10.0; Win64; x64) AppleWebKit/537.36 (KHTML, like Gecko) Chrome/103.0.5060.134 Safari/537.36 Edg/103.0.1264.77
192.168.56.1 - - [03/Aug/2022:13:56:19 +0800] "GET /nacos/v1/cs/health HTTP/1.1" 200 2 2 Apache-HttpAsyncClient/4.1.3 (Java/1.8.0_131)
192.168.56.1 - - [03/Aug/2022:13:56:24 +0800] "GET /nacos/v1/cs/health HTTP/1.1" 200 2 5 Apache-HttpAsyncClient/4.1.3 (Java/1.8.0_131)
192.168.56.1 - - [03/Aug/2022:13:56:29 +0800] "GET /nacos/v1/cs/health HTTP/1.1" 200 2 3 Apache-HttpAsyncClient/4.1.3 (Java/1.8.0_131)
192.168.56.1 - - [03/Aug/2022:13:56:34 +0800] "GET /nacos/v1/cs/health HTTP/1.1" 200 2 5 Apache-HttpAsyncClient/4.1.3 (Java/1.8.0_131)
192.168.56.1 - - [03/Aug/2022:13:56:39 +0800] "GET /nacos/v1/cs/health HTTP/1.1" 200 2 7 Apache-HttpAsyncClient/4.1.3 (Java/1.8.0_131)
192.168.56.1 - - [03/Aug/2022:13:56:44 +0800] "GET /nacos/v1/cs/health HTTP/1.1" 200 2 5 Apache-HttpAsyncClient/4.1.3 (Java/1.8.0_131)
192.168.56.1 - - [03/Aug/2022:13:56:49 +0800] "GET /nacos/v1/cs/health HTTP/1.1" 200 2 2 Apache-HttpAsyncClient/4.1.3 (Java/1.8.0_131)
192.168.56.1 - - [03/Aug/2022:13:56:54 +0800] "GET /nacos/v1/cs/health HTTP/1.1" 200 2 6 Apache-HttpAsyncClient/4.1.3 (Java/1.8.0_131)
192.168.56.1 - - [03/Aug/2022:13:56:59 +0800] "GET /nacos/v1/cs/health HTTP/1.1" 200 2 2 Apache-HttpAsyncClient/4.1.3 (Java/1.8.0_131)
192.168.56.1 - - [03/Aug/2022:13:57:04 +0800] "GET /nacos/v1/cs/health HTTP/1.1" 200 2 5 Apache-HttpAsyncClient/4.1.3 (Java/1.8.0_131)
192.168.56.1 - - [03/Aug/2022:13:57:09 +0800] "GET /nacos/v1/cs/health HTTP/1.1" 200 2 5 Apache-HttpAsyncClient/4.1.3 (Java/1.8.0_131)
192.168.56.1 - - [03/Aug/2022:13:57:14 +0800] "GET /nacos/v1/cs/health HTTP/1.1" 200 2 2 Apache-HttpAsyncClient/4.1.3 (Java/1.8.0_131)
192.168.56.1 - - [03/Aug/2022:13:57:19 +0800] "GET /nacos/v1/cs/health HTTP/1.1" 200 2 5 Apache-HttpAsyncClient/4.1.3 (Java/1.8.0_131)
192.168.56.1 - - [03/Aug/2022:13:57:24 +0800] "GET /nacos/v1/cs/health HTTP/1.1" 200 2 2 Apache-HttpAsyncClient/4.1.3 (Java/1.8.0_131)
192.168.56.1 - - [03/Aug/2022:13:57:29 +0800] "GET /nacos/v1/cs/health HTTP/1.1" 200 2 7 Apache-HttpAsyncClient/4.1.3 (Java/1.8.0_131)
192.168.56.1 - - [03/Aug/2022:13:57:34 +0800] "GET /nacos/v1/cs/health HTTP/1.1" 200 2 2 Apache-HttpAsyncClient/4.1.3 (Java/1.8.0_131)
192.168.56.1 - - [03/Aug/2022:13:57:39 +0800] "GET /nacos/v1/cs/health HTTP/1.1" 200 2 1 Apache-HttpAsyncClient/4.1.3 (Java/1.8.0_131)
192.168.56.1 - - [03/Aug/2022:13:57:44 +0800] "GET /nacos/v1/cs/health HTTP/1.1" 200 2 1 Apache-HttpAsyncClient/4.1.3 (Java/1.8.0_131)
192.168.56.1 - - [03/Aug/2022:13:57:49 +0800] "GET /nacos/v1/cs/health HTTP/1.1" 200 2 3 Apache-HttpAsyncClient/4.1.3 (Java/1.8.0_131)
192.168.56.1 - - [03/Aug/2022:13:57:54 +0800] "GET /nacos/v1/cs/health HTTP/1.1" 200 2 2 Apache-HttpAsyncClient/4.1.3 (Java/1.8.0_131)
192.168.56.1 - - [03/Aug/2022:13:57:59 +0800] "GET /nacos/v1/cs/health HTTP/1.1" 200 2 6 Apache-HttpAsyncClient/4.1.3 (Java/1.8.0_131)
192.168.56.1 - - [03/Aug/2022:13:58:04 +0800] "GET /nacos/v1/cs/health HTTP/1.1" 200 2 4 Apache-HttpAsyncClient/4.1.3 (Java/1.8.0_131)
192.168.56.1 - - [03/Aug/2022:13:58:09 +0800] "GET /nacos/v1/cs/health HTTP/1.1" 200 2 5 Apache-HttpAsyncClient/4.1.3 (Java/1.8.0_131)
192.168.56.1 - - [03/Aug/2022:13:58:14 +0800] "GET /nacos/v1/cs/health HTTP/1.1" 200 2 2 Apache-HttpAsyncClient/4.1.3 (Java/1.8.0_131)
192.168.56.1 - - [03/Aug/2022:13:58:19 +0800] "GET /nacos/v1/cs/health HTTP/1.1" 200 2 5 Apache-HttpAsyncClient/4.1.3 (Java/1.8.0_131)
192.168.56.1 - - [03/Aug/2022:13:58:24 +0800] "GET /nacos/v1/cs/health HTTP/1.1" 200 2 2 Apache-HttpAsyncClient/4.1.3 (Java/1.8.0_131)
192.168.56.1 - - [03/Aug/2022:13:58:29 +0800] "GET /nacos/v1/cs/health HTTP/1.1" 200 2 2 Apache-HttpAsyncClient/4.1.3 (Java/1.8.0_131)
192.168.56.1 - - [03/Aug/2022:13:58:34 +0800] "GET /nacos/v1/cs/health HTTP/1.1" 200 2 2 Apache-HttpAsyncClient/4.1.3 (Java/1.8.0_131)
192.168.56.1 - - [03/Aug/2022:13:58:39 +0800] "GET /nacos/v1/cs/health HTTP/1.1" 200 2 2 Apache-HttpAsyncClient/4.1.3 (Java/1.8.0_131)
192.168.56.1 - - [03/Aug/2022:13:58:45 +0800] "GET /nacos/v1/cs/health HTTP/1.1" 200 2 4 Apache-HttpAsyncClient/4.1.3 (Java/1.8.0_131)
192.168.56.1 - - [03/Aug/2022:13:58:50 +0800] "GET /nacos/v1/cs/health HTTP/1.1" 200 2 2 Apache-HttpAsyncClient/4.1.3 (Java/1.8.0_131)
192.168.56.1 - - [03/Aug/2022:13:58:55 +0800] "GET /nacos/v1/cs/health HTTP/1.1" 200 2 1 Apache-HttpAsyncClient/4.1.3 (Java/1.8.0_131)
192.168.56.1 - - [03/Aug/2022:13:59:00 +0800] "GET /nacos/v1/cs/health HTTP/1.1" 200 2 1 Apache-HttpAsyncClient/4.1.3 (Java/1.8.0_131)
192.168.56.1 - - [03/Aug/2022:13:59:05 +0800] "GET /nacos/v1/cs/health HTTP/1.1" 200 2 2 Apache-HttpAsyncClient/4.1.3 (Java/1.8.0_131)
192.168.56.1 - - [03/Aug/2022:13:59:10 +0800] "GET /nacos/v1/cs/health HTTP/1.1" 200 2 3 Apache-HttpAsyncClient/4.1.3 (Java/1.8.0_131)
192.168.56.1 - - [03/Aug/2022:13:59:15 +0800] "GET /nacos/v1/cs/health HTTP/1.1" 200 2 2 Apache-HttpAsyncClient/4.1.3 (Java/1.8.0_131)
192.168.56.1 - - [03/Aug/2022:13:59:20 +0800] "GET /nacos/v1/cs/health HTTP/1.1" 200 2 1 Apache-HttpAsyncClient/4.1.3 (Java/1.8.0_131)
192.168.56.1 - - [03/Aug/2022:13:59:25 +0800] "GET /nacos/v1/cs/health HTTP/1.1" 200 2 2 Apache-HttpAsyncClient/4.1.3 (Java/1.8.0_131)
192.168.56.1 - - [03/Aug/2022:13:59:30 +0800] "GET /nacos/v1/cs/health HTTP/1.1" 200 2 2 Apache-HttpAsyncClient/4.1.3 (Java/1.8.0_131)
127.0.0.1 - - [03/Aug/2022:13:59:30 +0800] "GET /nacos/v1/cs/configs?dataId=onlinemall-product.properties&group=DEFAULT_GROUP&tenant=01617cf1-e2c5-4ee4-87cc-d56d90711130 HTTP/1.1" 404 23 9 Java/1.8.0_131
0:0:0:0:0:0:0:1 - - [03/Aug/2022:13:59:31 +0800] "GET /nacos/v1/cs/configs?search=accurate&dataId=&group=&appName=&config_tags=&pageNo=1&pageSize=10&tenant=01617cf1-e2c5-4ee4-87cc-d56d90711130&namespaceId=01617cf1-e2c5-4ee4-87cc-d56d90711130 HTTP/1.1" 200 - 2 Mozilla/5.0 (Windows NT 10.0; Win64; x64) AppleWebKit/537.36 (KHTML, like Gecko) Chrome/103.0.5060.134 Safari/537.36 Edg/103.0.1264.77
0:0:0:0:0:0:0:1 - - [03/Aug/2022:13:59:33 +0800] "GET /nacos/v1/cs/configs?search=accurate&dataId=&group=&appName=&config_tags=&pageNo=1&pageSize=10&tenant=&namespaceId= HTTP/1.1" 200 411 3 Mozilla/5.0 (Windows NT 10.0; Win64; x64) AppleWebKit/537.36 (KHTML, like Gecko) Chrome/103.0.5060.134 Safari/537.36 Edg/103.0.1264.77
192.168.56.1 - - [03/Aug/2022:13:59:35 +0800] "GET /nacos/v1/cs/health HTTP/1.1" 200 2 4 Apache-HttpAsyncClient/4.1.3 (Java/1.8.0_131)
192.168.56.1 - - [03/Aug/2022:13:59:40 +0800] "GET /nacos/v1/cs/health HTTP/1.1" 200 2 5 Apache-HttpAsyncClient/4.1.3 (Java/1.8.0_131)
192.168.56.1 - - [03/Aug/2022:13:59:45 +0800] "GET /nacos/v1/cs/health HTTP/1.1" 200 2 4 Apache-HttpAsyncClient/4.1.3 (Java/1.8.0_131)
192.168.56.1 - - [03/Aug/2022:13:59:50 +0800] "GET /nacos/v1/cs/health HTTP/1.1" 200 2 2 Apache-HttpAsyncClient/4.1.3 (Java/1.8.0_131)
0:0:0:0:0:0:0:1 - - [03/Aug/2022:13:59:50 +0800] "GET /nacos/v1/ns/catalog/services?hasIpCount=true&withInstances=false&pageNo=1&pageSize=10&keyword=&namespaceId= HTTP/1.1" 200 39 9 Mozilla/5.0 (Windows NT 10.0; Win64; x64) AppleWebKit/537.36 (KHTML, like Gecko) Chrome/103.0.5060.134 Safari/537.36 Edg/103.0.1264.77
0:0:0:0:0:0:0:1 - - [03/Aug/2022:13:59:53 +0800] "GET /nacos/ HTTP/1.1" 304 - 5 Mozilla/5.0 (Windows NT 10.0; Win64; x64) AppleWebKit/537.36 (KHTML, like Gecko) Chrome/103.0.5060.134 Safari/537.36 Edg/103.0.1264.77
0:0:0:0:0:0:0:1 - - [03/Aug/2022:13:59:53 +0800] "GET /nacos/v1/console/namespaces?namespaceId= HTTP/1.1" 200 959 6 Mozilla/5.0 (Windows NT 10.0; Win64; x64) AppleWebKit/537.36 (KHTML, like Gecko) Chrome/103.0.5060.134 Safari/537.36 Edg/103.0.1264.77
0:0:0:0:0:0:0:1 - - [03/Aug/2022:13:59:53 +0800] "GET /nacos/v1/console/server/state HTTP/1.1" 200 82 3 Mozilla/5.0 (Windows NT 10.0; Win64; x64) AppleWebKit/537.36 (KHTML, like Gecko) Chrome/103.0.5060.134 Safari/537.36 Edg/103.0.1264.77
0:0:0:0:0:0:0:1 - - [03/Aug/2022:13:59:53 +0800] "GET /nacos/v1/ns/catalog/services?hasIpCount=true&withInstances=false&pageNo=1&pageSize=10&keyword=&namespaceId= HTTP/1.1" 200 39 2 Mozilla/5.0 (Windows NT 10.0; Win64; x64) AppleWebKit/537.36 (KHTML, like Gecko) Chrome/103.0.5060.134 Safari/537.36 Edg/103.0.1264.77
192.168.56.1 - - [03/Aug/2022:13:59:55 +0800] "GET /nacos/v1/cs/health HTTP/1.1" 200 2 2 Apache-HttpAsyncClient/4.1.3 (Java/1.8.0_131)
0:0:0:0:0:0:0:1 - - [03/Aug/2022:13:59:56 +0800] "GET /nacos/ HTTP/1.1" 304 - 7 Mozilla/5.0 (Windows NT 10.0; Win64; x64) AppleWebKit/537.36 (KHTML, like Gecko) Chrome/103.0.5060.134 Safari/537.36 Edg/103.0.1264.77
0:0:0:0:0:0:0:1 - - [03/Aug/2022:13:59:56 +0800] "GET /nacos/v1/console/namespaces?namespaceId= HTTP/1.1" 200 959 5 Mozilla/5.0 (Windows NT 10.0; Win64; x64) AppleWebKit/537.36 (KHTML, like Gecko) Chrome/103.0.5060.134 Safari/537.36 Edg/103.0.1264.77
0:0:0:0:0:0:0:1 - - [03/Aug/2022:13:59:56 +0800] "GET /nacos/v1/console/server/state HTTP/1.1" 200 82 1 Mozilla/5.0 (Windows NT 10.0; Win64; x64) AppleWebKit/537.36 (KHTML, like Gecko) Chrome/103.0.5060.134 Safari/537.36 Edg/103.0.1264.77
0:0:0:0:0:0:0:1 - - [03/Aug/2022:13:59:57 +0800] "GET /nacos/v1/ns/catalog/services?hasIpCount=true&withInstances=false&pageNo=1&pageSize=10&keyword=&namespaceId= HTTP/1.1" 200 39 3 Mozilla/5.0 (Windows NT 10.0; Win64; x64) AppleWebKit/537.36 (KHTML, like Gecko) Chrome/103.0.5060.134 Safari/537.36 Edg/103.0.1264.77
0:0:0:0:0:0:0:1 - - [03/Aug/2022:13:59:57 +0800] "GET /nacos/ HTTP/1.1" 304 - 5 Mozilla/5.0 (Windows NT 10.0; Win64; x64) AppleWebKit/537.36 (KHTML, like Gecko) Chrome/103.0.5060.134 Safari/537.36 Edg/103.0.1264.77
0:0:0:0:0:0:0:1 - - [03/Aug/2022:13:59:57 +0800] "GET /nacos/v1/console/namespaces?namespaceId= HTTP/1.1" 200 959 5 Mozilla/5.0 (Windows NT 10.0; Win64; x64) AppleWebKit/537.36 (KHTML, like Gecko) Chrome/103.0.5060.134 Safari/537.36 Edg/103.0.1264.77
0:0:0:0:0:0:0:1 - - [03/Aug/2022:13:59:57 +0800] "GET /nacos/v1/console/server/state HTTP/1.1" 200 82 1 Mozilla/5.0 (Windows NT 10.0; Win64; x64) AppleWebKit/537.36 (KHTML, like Gecko) Chrome/103.0.5060.134 Safari/537.36 Edg/103.0.1264.77
0:0:0:0:0:0:0:1 - - [03/Aug/2022:13:59:57 +0800] "GET /nacos/v1/ns/catalog/services?hasIpCount=true&withInstances=false&pageNo=1&pageSize=10&keyword=&namespaceId= HTTP/1.1" 200 39 1 Mozilla/5.0 (Windows NT 10.0; Win64; x64) AppleWebKit/537.36 (KHTML, like Gecko) Chrome/103.0.5060.134 Safari/537.36 Edg/103.0.1264.77
192.168.56.1 - - [03/Aug/2022:14:00:00 +0800] "GET /nacos/v1/cs/health HTTP/1.1" 200 2 3 Apache-HttpAsyncClient/4.1.3 (Java/1.8.0_131)
0:0:0:0:0:0:0:1 - - [03/Aug/2022:14:00:03 +0800] "GET /nacos/ HTTP/1.1" 304 - 4 Mozilla/5.0 (Windows NT 10.0; Win64; x64) AppleWebKit/537.36 (KHTML, like Gecko) Chrome/103.0.5060.134 Safari/537.36 Edg/103.0.1264.77
0:0:0:0:0:0:0:1 - - [03/Aug/2022:14:00:03 +0800] "GET /nacos/v1/console/namespaces?namespaceId= HTTP/1.1" 200 959 6 Mozilla/5.0 (Windows NT 10.0; Win64; x64) AppleWebKit/537.36 (KHTML, like Gecko) Chrome/103.0.5060.134 Safari/537.36 Edg/103.0.1264.77
0:0:0:0:0:0:0:1 - - [03/Aug/2022:14:00:03 +0800] "GET /nacos/v1/console/server/state HTTP/1.1" 200 82 1 Mozilla/5.0 (Windows NT 10.0; Win64; x64) AppleWebKit/537.36 (KHTML, like Gecko) Chrome/103.0.5060.134 Safari/537.36 Edg/103.0.1264.77
0:0:0:0:0:0:0:1 - - [03/Aug/2022:14:00:03 +0800] "GET /nacos/v1/ns/catalog/services?hasIpCount=true&withInstances=false&pageNo=1&pageSize=10&keyword=&namespaceId= HTTP/1.1" 200 39 2 Mozilla/5.0 (Windows NT 10.0; Win64; x64) AppleWebKit/537.36 (KHTML, like Gecko) Chrome/103.0.5060.134 Safari/537.36 Edg/103.0.1264.77
0:0:0:0:0:0:0:1 - - [03/Aug/2022:14:00:04 +0800] "GET /nacos/ HTTP/1.1" 304 - 4 Mozilla/5.0 (Windows NT 10.0; Win64; x64) AppleWebKit/537.36 (KHTML, like Gecko) Chrome/103.0.5060.134 Safari/537.36 Edg/103.0.1264.77
0:0:0:0:0:0:0:1 - - [03/Aug/2022:14:00:04 +0800] "GET /nacos/v1/console/namespaces?namespaceId= HTTP/1.1" 200 959 5 Mozilla/5.0 (Windows NT 10.0; Win64; x64) AppleWebKit/537.36 (KHTML, like Gecko) Chrome/103.0.5060.134 Safari/537.36 Edg/103.0.1264.77
0:0:0:0:0:0:0:1 - - [03/Aug/2022:14:00:04 +0800] "GET /nacos/v1/console/server/state HTTP/1.1" 200 82 2 Mozilla/5.0 (Windows NT 10.0; Win64; x64) AppleWebKit/537.36 (KHTML, like Gecko) Chrome/103.0.5060.134 Safari/537.36 Edg/103.0.1264.77
0:0:0:0:0:0:0:1 - - [03/Aug/2022:14:00:04 +0800] "GET /nacos/v1/ns/catalog/services?hasIpCount=true&withInstances=false&pageNo=1&pageSize=10&keyword=&namespaceId= HTTP/1.1" 200 39 2 Mozilla/5.0 (Windows NT 10.0; Win64; x64) AppleWebKit/537.36 (KHTML, like Gecko) Chrome/103.0.5060.134 Safari/537.36 Edg/103.0.1264.77
0:0:0:0:0:0:0:1 - - [03/Aug/2022:14:00:04 +0800] "GET /nacos/ HTTP/1.1" 304 - 7 Mozilla/5.0 (Windows NT 10.0; Win64; x64) AppleWebKit/537.36 (KHTML, like Gecko) Chrome/103.0.5060.134 Safari/537.36 Edg/103.0.1264.77
0:0:0:0:0:0:0:1 - - [03/Aug/2022:14:00:04 +0800] "GET /nacos/v1/console/namespaces?namespaceId= HTTP/1.1" 200 959 7 Mozilla/5.0 (Windows NT 10.0; Win64; x64) AppleWebKit/537.36 (KHTML, like Gecko) Chrome/103.0.5060.134 Safari/537.36 Edg/103.0.1264.77
0:0:0:0:0:0:0:1 - - [03/Aug/2022:14:00:04 +0800] "GET /nacos/v1/console/server/state HTTP/1.1" 200 82 2 Mozilla/5.0 (Windows NT 10.0; Win64; x64) AppleWebKit/537.36 (KHTML, like Gecko) Chrome/103.0.5060.134 Safari/537.36 Edg/103.0.1264.77
0:0:0:0:0:0:0:1 - - [03/Aug/2022:14:00:05 +0800] "GET /nacos/v1/ns/catalog/services?hasIpCount=true&withInstances=false&pageNo=1&pageSize=10&keyword=&namespaceId= HTTP/1.1" 200 39 3 Mozilla/5.0 (Windows NT 10.0; Win64; x64) AppleWebKit/537.36 (KHTML, like Gecko) Chrome/103.0.5060.134 Safari/537.36 Edg/103.0.1264.77
192.168.56.1 - - [03/Aug/2022:14:00:05 +0800] "GET /nacos/v1/cs/health HTTP/1.1" 200 2 2 Apache-HttpAsyncClient/4.1.3 (Java/1.8.0_131)
192.168.56.1 - - [03/Aug/2022:14:00:10 +0800] "GET /nacos/v1/cs/health HTTP/1.1" 200 2 2 Apache-HttpAsyncClient/4.1.3 (Java/1.8.0_131)
192.168.56.1 - - [03/Aug/2022:14:00:15 +0800] "GET /nacos/v1/cs/health HTTP/1.1" 200 2 2 Apache-HttpAsyncClient/4.1.3 (Java/1.8.0_131)
192.168.56.1 - - [03/Aug/2022:14:00:20 +0800] "GET /nacos/v1/cs/health HTTP/1.1" 200 2 2 Apache-HttpAsyncClient/4.1.3 (Java/1.8.0_131)
192.168.56.1 - - [03/Aug/2022:14:00:25 +0800] "GET /nacos/v1/cs/health HTTP/1.1" 200 2 2 Apache-HttpAsyncClient/4.1.3 (Java/1.8.0_131)
192.168.56.1 - - [03/Aug/2022:14:00:30 +0800] "GET /nacos/v1/cs/health HTTP/1.1" 200 2 2 Apache-HttpAsyncClient/4.1.3 (Java/1.8.0_131)
127.0.0.1 - - [03/Aug/2022:14:00:31 +0800] "GET /nacos/v1/cs/configs?dataId=onlinemall-product.properties&group=DEFAULT_GROUP&tenant=01617cf1-e2c5-4ee4-87cc-d56d90711130 HTTP/1.1" 404 23 3 Java/1.8.0_131
127.0.0.1 - - [03/Aug/2022:14:00:34 +0800] "POST /nacos/v1/ns/instance?groupName=DEFAULT_GROUP&metadata=%7B%22preserved.register.source%22%3A%22SPRING_CLOUD%22%7D&namespaceId=public&port=11000&enable=true&healthy=true&clusterName=DEFAULT&ip=192.168.56.1&weight=1.0&ephemeral=true&serviceName=DEFAULT_GROUP%40%40onlinemall-product&encoding=UTF-8 HTTP/1.1" 200 2 47 Nacos-Java-Client:v1.1.1
127.0.0.1 - - [03/Aug/2022:14:00:34 +0800] "PUT /nacos/v1/ns/instance/beat?beat=%7B%22cluster%22%3A%22DEFAULT%22%2C%22ip%22%3A%22192.168.56.1%22%2C%22metadata%22%3A%7B%22preserved.register.source%22%3A%22SPRING_CLOUD%22%7D%2C%22period%22%3A5000%2C%22port%22%3A11000%2C%22scheduled%22%3Afalse%2C%22serviceName%22%3A%22DEFAULT_GROUP%40%40onlinemall-product%22%2C%22stopped%22%3Afalse%2C%22weight%22%3A1.0%7D&serviceName=DEFAULT_GROUP%40%40onlinemall-product&encoding=UTF-8&namespaceId=public HTTP/1.1" 200 38 52 Nacos-Java-Client:v1.1.1
127.0.0.1 - - [03/Aug/2022:14:00:34 +0800] "POST /nacos/v1/cs/configs/listener HTTP/1.1" 200 - 3 Java/1.8.0_131
192.168.56.1 - - [03/Aug/2022:14:00:35 +0800] "GET /nacos/v1/cs/health HTTP/1.1" 200 2 2 Apache-HttpAsyncClient/4.1.3 (Java/1.8.0_131)
127.0.0.1 - - [03/Aug/2022:14:00:39 +0800] "PUT /nacos/v1/ns/instance/beat?beat=%7B%22cluster%22%3A%22DEFAULT%22%2C%22ip%22%3A%22192.168.56.1%22%2C%22metadata%22%3A%7B%22preserved.register.source%22%3A%22SPRING_CLOUD%22%7D%2C%22period%22%3A5000%2C%22port%22%3A11000%2C%22scheduled%22%3Afalse%2C%22serviceName%22%3A%22DEFAULT_GROUP%40%40onlinemall-product%22%2C%22stopped%22%3Afalse%2C%22weight%22%3A1.0%7D&serviceName=DEFAULT_GROUP%40%40onlinemall-product&encoding=UTF-8&namespaceId=public HTTP/1.1" 200 38 3 Nacos-Java-Client:v1.1.1
192.168.56.1 - - [03/Aug/2022:14:00:40 +0800] "GET /nacos/v1/cs/health HTTP/1.1" 200 2 2 Apache-HttpAsyncClient/4.1.3 (Java/1.8.0_131)
0:0:0:0:0:0:0:1 - - [03/Aug/2022:14:00:40 +0800] "GET /nacos/ HTTP/1.1" 304 - 4 Mozilla/5.0 (Windows NT 10.0; Win64; x64) AppleWebKit/537.36 (KHTML, like Gecko) Chrome/103.0.5060.134 Safari/537.36 Edg/103.0.1264.77
0:0:0:0:0:0:0:1 - - [03/Aug/2022:14:00:40 +0800] "GET /nacos/v1/console/namespaces?namespaceId= HTTP/1.1" 200 959 7 Mozilla/5.0 (Windows NT 10.0; Win64; x64) AppleWebKit/537.36 (KHTML, like Gecko) Chrome/103.0.5060.134 Safari/537.36 Edg/103.0.1264.77
0:0:0:0:0:0:0:1 - - [03/Aug/2022:14:00:40 +0800] "GET /nacos/v1/console/server/state HTTP/1.1" 200 82 1 Mozilla/5.0 (Windows NT 10.0; Win64; x64) AppleWebKit/537.36 (KHTML, like Gecko) Chrome/103.0.5060.134 Safari/537.36 Edg/103.0.1264.77
0:0:0:0:0:0:0:1 - - [03/Aug/2022:14:00:40 +0800] "GET /nacos/v1/ns/catalog/services?hasIpCount=true&withInstances=false&pageNo=1&pageSize=10&keyword=&namespaceId= HTTP/1.1" 200 150 6 Mozilla/5.0 (Windows NT 10.0; Win64; x64) AppleWebKit/537.36 (KHTML, like Gecko) Chrome/103.0.5060.134 Safari/537.36 Edg/103.0.1264.77
127.0.0.1 - - [03/Aug/2022:14:00:44 +0800] "PUT /nacos/v1/ns/instance/beat?beat=%7B%22cluster%22%3A%22DEFAULT%22%2C%22ip%22%3A%22192.168.56.1%22%2C%22metadata%22%3A%7B%22preserved.register.source%22%3A%22SPRING_CLOUD%22%7D%2C%22period%22%3A5000%2C%22port%22%3A11000%2C%22scheduled%22%3Afalse%2C%22serviceName%22%3A%22DEFAULT_GROUP%40%40onlinemall-product%22%2C%22stopped%22%3Afalse%2C%22weight%22%3A1.0%7D&serviceName=DEFAULT_GROUP%40%40onlinemall-product&encoding=UTF-8&namespaceId=public HTTP/1.1" 200 38 3 Nacos-Java-Client:v1.1.1
192.168.56.1 - - [03/Aug/2022:14:00:45 +0800] "GET /nacos/v1/cs/health HTTP/1.1" 200 2 4 Apache-HttpAsyncClient/4.1.3 (Java/1.8.0_131)
127.0.0.1 - - [03/Aug/2022:14:00:49 +0800] "PUT /nacos/v1/ns/instance/beat?beat=%7B%22cluster%22%3A%22DEFAULT%22%2C%22ip%22%3A%22192.168.56.1%22%2C%22metadata%22%3A%7B%22preserved.register.source%22%3A%22SPRING_CLOUD%22%7D%2C%22period%22%3A5000%2C%22port%22%3A11000%2C%22scheduled%22%3Afalse%2C%22serviceName%22%3A%22DEFAULT_GROUP%40%40onlinemall-product%22%2C%22stopped%22%3Afalse%2C%22weight%22%3A1.0%7D&serviceName=DEFAULT_GROUP%40%40onlinemall-product&encoding=UTF-8&namespaceId=public HTTP/1.1" 200 38 5 Nacos-Java-Client:v1.1.1
192.168.56.1 - - [03/Aug/2022:14:00:50 +0800] "GET /nacos/v1/cs/health HTTP/1.1" 200 2 2 Apache-HttpAsyncClient/4.1.3 (Java/1.8.0_131)
127.0.0.1 - - [03/Aug/2022:14:00:54 +0800] "PUT /nacos/v1/ns/instance/beat?beat=%7B%22cluster%22%3A%22DEFAULT%22%2C%22ip%22%3A%22192.168.56.1%22%2C%22metadata%22%3A%7B%22preserved.register.source%22%3A%22SPRING_CLOUD%22%7D%2C%22period%22%3A5000%2C%22port%22%3A11000%2C%22scheduled%22%3Afalse%2C%22serviceName%22%3A%22DEFAULT_GROUP%40%40onlinemall-product%22%2C%22stopped%22%3Afalse%2C%22weight%22%3A1.0%7D&serviceName=DEFAULT_GROUP%40%40onlinemall-product&encoding=UTF-8&namespaceId=public HTTP/1.1" 200 38 4 Nacos-Java-Client:v1.1.1
192.168.56.1 - - [03/Aug/2022:14:00:55 +0800] "GET /nacos/v1/cs/health HTTP/1.1" 200 2 2 Apache-HttpAsyncClient/4.1.3 (Java/1.8.0_131)
127.0.0.1 - - [03/Aug/2022:14:00:58 +0800] "GET /nacos/v1/cs/configs?dataId=onlinemall-gateway.properties&group=DEFAULT_GROUP&tenant=c2ec3969-3b87-4093-b1b7-b77366fdf0b6 HTTP/1.1" 404 23 3 Java/1.8.0_131
127.0.0.1 - - [03/Aug/2022:14:00:59 +0800] "PUT /nacos/v1/ns/instance/beat?beat=%7B%22cluster%22%3A%22DEFAULT%22%2C%22ip%22%3A%22192.168.56.1%22%2C%22metadata%22%3A%7B%22preserved.register.source%22%3A%22SPRING_CLOUD%22%7D%2C%22period%22%3A5000%2C%22port%22%3A11000%2C%22scheduled%22%3Afalse%2C%22serviceName%22%3A%22DEFAULT_GROUP%40%40onlinemall-product%22%2C%22stopped%22%3Afalse%2C%22weight%22%3A1.0%7D&serviceName=DEFAULT_GROUP%40%40onlinemall-product&encoding=UTF-8&namespaceId=public HTTP/1.1" 200 38 3 Nacos-Java-Client:v1.1.1
192.168.56.1 - - [03/Aug/2022:14:01:00 +0800] "GET /nacos/v1/cs/health HTTP/1.1" 200 2 2 Apache-HttpAsyncClient/4.1.3 (Java/1.8.0_131)
127.0.0.1 - - [03/Aug/2022:14:01:02 +0800] "PUT /nacos/v1/ns/instance/beat?beat=%7B%22cluster%22%3A%22DEFAULT%22%2C%22ip%22%3A%22192.168.56.1%22%2C%22metadata%22%3A%7B%22preserved.register.source%22%3A%22SPRING_CLOUD%22%7D%2C%22period%22%3A5000%2C%22port%22%3A88%2C%22scheduled%22%3Afalse%2C%22serviceName%22%3A%22DEFAULT_GROUP%40%40onlinemall-gateway%22%2C%22stopped%22%3Afalse%2C%22weight%22%3A1.0%7D&serviceName=DEFAULT_GROUP%40%40onlinemall-gateway&encoding=UTF-8&namespaceId=public HTTP/1.1" 200 38 2 Nacos-Java-Client:v1.1.1
127.0.0.1 - - [03/Aug/2022:14:01:02 +0800] "POST /nacos/v1/ns/instance?groupName=DEFAULT_GROUP&metadata=%7B%22preserved.register.source%22%3A%22SPRING_CLOUD%22%7D&namespaceId=public&port=88&enable=true&healthy=true&clusterName=DEFAULT&ip=192.168.56.1&weight=1.0&ephemeral=true&serviceName=DEFAULT_GROUP%40%40onlinemall-gateway&encoding=UTF-8 HTTP/1.1" 200 2 3 Nacos-Java-Client:v1.1.1
127.0.0.1 - - [03/Aug/2022:14:01:02 +0800] "POST /nacos/v1/cs/configs/listener HTTP/1.1" 200 - 2 Java/1.8.0_131
127.0.0.1 - - [03/Aug/2022:14:01:04 +0800] "PUT /nacos/v1/ns/instance/beat?beat=%7B%22cluster%22%3A%22DEFAULT%22%2C%22ip%22%3A%22192.168.56.1%22%2C%22metadata%22%3A%7B%22preserved.register.source%22%3A%22SPRING_CLOUD%22%7D%2C%22period%22%3A5000%2C%22port%22%3A11000%2C%22scheduled%22%3Afalse%2C%22serviceName%22%3A%22DEFAULT_GROUP%40%40onlinemall-product%22%2C%22stopped%22%3Afalse%2C%22weight%22%3A1.0%7D&serviceName=DEFAULT_GROUP%40%40onlinemall-product&encoding=UTF-8&namespaceId=public HTTP/1.1" 200 38 2 Nacos-Java-Client:v1.1.1
127.0.0.1 - - [03/Aug/2022:14:01:04 +0800] "POST /nacos/v1/cs/configs/listener HTTP/1.1" 200 - 29509 Java/1.8.0_131
192.168.56.1 - - [03/Aug/2022:14:01:05 +0800] "GET /nacos/v1/cs/health HTTP/1.1" 200 2 2 Apache-HttpAsyncClient/4.1.3 (Java/1.8.0_131)
127.0.0.1 - - [03/Aug/2022:14:01:07 +0800] "PUT /nacos/v1/ns/instance/beat?beat=%7B%22cluster%22%3A%22DEFAULT%22%2C%22ip%22%3A%22192.168.56.1%22%2C%22metadata%22%3A%7B%22preserved.register.source%22%3A%22SPRING_CLOUD%22%7D%2C%22period%22%3A5000%2C%22port%22%3A88%2C%22scheduled%22%3Afalse%2C%22serviceName%22%3A%22DEFAULT_GROUP%40%40onlinemall-gateway%22%2C%22stopped%22%3Afalse%2C%22weight%22%3A1.0%7D&serviceName=DEFAULT_GROUP%40%40onlinemall-gateway&encoding=UTF-8&namespaceId=public HTTP/1.1" 200 38 2 Nacos-Java-Client:v1.1.1
127.0.0.1 - - [03/Aug/2022:14:01:09 +0800] "PUT /nacos/v1/ns/instance/beat?beat=%7B%22cluster%22%3A%22DEFAULT%22%2C%22ip%22%3A%22192.168.56.1%22%2C%22metadata%22%3A%7B%22preserved.register.source%22%3A%22SPRING_CLOUD%22%7D%2C%22period%22%3A5000%2C%22port%22%3A11000%2C%22scheduled%22%3Afalse%2C%22serviceName%22%3A%22DEFAULT_GROUP%40%40onlinemall-product%22%2C%22stopped%22%3Afalse%2C%22weight%22%3A1.0%7D&serviceName=DEFAULT_GROUP%40%40onlinemall-product&encoding=UTF-8&namespaceId=public HTTP/1.1" 200 38 2 Nacos-Java-Client:v1.1.1
192.168.56.1 - - [03/Aug/2022:14:01:10 +0800] "GET /nacos/v1/cs/health HTTP/1.1" 200 2 2 Apache-HttpAsyncClient/4.1.3 (Java/1.8.0_131)
127.0.0.1 - - [03/Aug/2022:14:01:12 +0800] "PUT /nacos/v1/ns/instance/beat?beat=%7B%22cluster%22%3A%22DEFAULT%22%2C%22ip%22%3A%22192.168.56.1%22%2C%22metadata%22%3A%7B%22preserved.register.source%22%3A%22SPRING_CLOUD%22%7D%2C%22period%22%3A5000%2C%22port%22%3A88%2C%22scheduled%22%3Afalse%2C%22serviceName%22%3A%22DEFAULT_GROUP%40%40onlinemall-gateway%22%2C%22stopped%22%3Afalse%2C%22weight%22%3A1.0%7D&serviceName=DEFAULT_GROUP%40%40onlinemall-gateway&encoding=UTF-8&namespaceId=public HTTP/1.1" 200 38 2 Nacos-Java-Client:v1.1.1
127.0.0.1 - - [03/Aug/2022:14:01:14 +0800] "PUT /nacos/v1/ns/instance/beat?beat=%7B%22cluster%22%3A%22DEFAULT%22%2C%22ip%22%3A%22192.168.56.1%22%2C%22metadata%22%3A%7B%22preserved.register.source%22%3A%22SPRING_CLOUD%22%7D%2C%22period%22%3A5000%2C%22port%22%3A11000%2C%22scheduled%22%3Afalse%2C%22serviceName%22%3A%22DEFAULT_GROUP%40%40onlinemall-product%22%2C%22stopped%22%3Afalse%2C%22weight%22%3A1.0%7D&serviceName=DEFAULT_GROUP%40%40onlinemall-product&encoding=UTF-8&namespaceId=public HTTP/1.1" 200 38 6 Nacos-Java-Client:v1.1.1
192.168.56.1 - - [03/Aug/2022:14:01:15 +0800] "GET /nacos/v1/cs/health HTTP/1.1" 200 2 3 Apache-HttpAsyncClient/4.1.3 (Java/1.8.0_131)
127.0.0.1 - - [03/Aug/2022:14:01:17 +0800] "PUT /nacos/v1/ns/instance/beat?beat=%7B%22cluster%22%3A%22DEFAULT%22%2C%22ip%22%3A%22192.168.56.1%22%2C%22metadata%22%3A%7B%22preserved.register.source%22%3A%22SPRING_CLOUD%22%7D%2C%22period%22%3A5000%2C%22port%22%3A88%2C%22scheduled%22%3Afalse%2C%22serviceName%22%3A%22DEFAULT_GROUP%40%40onlinemall-gateway%22%2C%22stopped%22%3Afalse%2C%22weight%22%3A1.0%7D&serviceName=DEFAULT_GROUP%40%40onlinemall-gateway&encoding=UTF-8&namespaceId=public HTTP/1.1" 200 38 3 Nacos-Java-Client:v1.1.1
127.0.0.1 - - [03/Aug/2022:14:01:19 +0800] "PUT /nacos/v1/ns/instance/beat?beat=%7B%22cluster%22%3A%22DEFAULT%22%2C%22ip%22%3A%22192.168.56.1%22%2C%22metadata%22%3A%7B%22preserved.register.source%22%3A%22SPRING_CLOUD%22%7D%2C%22period%22%3A5000%2C%22port%22%3A11000%2C%22scheduled%22%3Afalse%2C%22serviceName%22%3A%22DEFAULT_GROUP%40%40onlinemall-product%22%2C%22stopped%22%3Afalse%2C%22weight%22%3A1.0%7D&serviceName=DEFAULT_GROUP%40%40onlinemall-product&encoding=UTF-8&namespaceId=public HTTP/1.1" 200 38 2 Nacos-Java-Client:v1.1.1
192.168.56.1 - - [03/Aug/2022:14:01:20 +0800] "GET /nacos/v1/cs/health HTTP/1.1" 200 2 1 Apache-HttpAsyncClient/4.1.3 (Java/1.8.0_131)
127.0.0.1 - - [03/Aug/2022:14:01:22 +0800] "PUT /nacos/v1/ns/instance/beat?beat=%7B%22cluster%22%3A%22DEFAULT%22%2C%22ip%22%3A%22192.168.56.1%22%2C%22metadata%22%3A%7B%22preserved.register.source%22%3A%22SPRING_CLOUD%22%7D%2C%22period%22%3A5000%2C%22port%22%3A88%2C%22scheduled%22%3Afalse%2C%22serviceName%22%3A%22DEFAULT_GROUP%40%40onlinemall-gateway%22%2C%22stopped%22%3Afalse%2C%22weight%22%3A1.0%7D&serviceName=DEFAULT_GROUP%40%40onlinemall-gateway&encoding=UTF-8&namespaceId=public HTTP/1.1" 200 38 5 Nacos-Java-Client:v1.1.1
127.0.0.1 - - [03/Aug/2022:14:01:24 +0800] "PUT /nacos/v1/ns/instance/beat?beat=%7B%22cluster%22%3A%22DEFAULT%22%2C%22ip%22%3A%22192.168.56.1%22%2C%22metadata%22%3A%7B%22preserved.register.source%22%3A%22SPRING_CLOUD%22%7D%2C%22period%22%3A5000%2C%22port%22%3A11000%2C%22scheduled%22%3Afalse%2C%22serviceName%22%3A%22DEFAULT_GROUP%40%40onlinemall-product%22%2C%22stopped%22%3Afalse%2C%22weight%22%3A1.0%7D&serviceName=DEFAULT_GROUP%40%40onlinemall-product&encoding=UTF-8&namespaceId=public HTTP/1.1" 200 38 4 Nacos-Java-Client:v1.1.1
192.168.56.1 - - [03/Aug/2022:14:01:25 +0800] "GET /nacos/v1/cs/health HTTP/1.1" 200 2 4 Apache-HttpAsyncClient/4.1.3 (Java/1.8.0_131)
127.0.0.1 - - [03/Aug/2022:14:01:27 +0800] "PUT /nacos/v1/ns/instance/beat?beat=%7B%22cluster%22%3A%22DEFAULT%22%2C%22ip%22%3A%22192.168.56.1%22%2C%22metadata%22%3A%7B%22preserved.register.source%22%3A%22SPRING_CLOUD%22%7D%2C%22period%22%3A5000%2C%22port%22%3A88%2C%22scheduled%22%3Afalse%2C%22serviceName%22%3A%22DEFAULT_GROUP%40%40onlinemall-gateway%22%2C%22stopped%22%3Afalse%2C%22weight%22%3A1.0%7D&serviceName=DEFAULT_GROUP%40%40onlinemall-gateway&encoding=UTF-8&namespaceId=public HTTP/1.1" 200 38 5 Nacos-Java-Client:v1.1.1
127.0.0.1 - - [03/Aug/2022:14:01:29 +0800] "PUT /nacos/v1/ns/instance/beat?beat=%7B%22cluster%22%3A%22DEFAULT%22%2C%22ip%22%3A%22192.168.56.1%22%2C%22metadata%22%3A%7B%22preserved.register.source%22%3A%22SPRING_CLOUD%22%7D%2C%22period%22%3A5000%2C%22port%22%3A11000%2C%22scheduled%22%3Afalse%2C%22serviceName%22%3A%22DEFAULT_GROUP%40%40onlinemall-product%22%2C%22stopped%22%3Afalse%2C%22weight%22%3A1.0%7D&serviceName=DEFAULT_GROUP%40%40onlinemall-product&encoding=UTF-8&namespaceId=public HTTP/1.1" 200 38 2 Nacos-Java-Client:v1.1.1
192.168.56.1 - - [03/Aug/2022:14:01:30 +0800] "GET /nacos/v1/cs/health HTTP/1.1" 200 2 3 Apache-HttpAsyncClient/4.1.3 (Java/1.8.0_131)
127.0.0.1 - - [03/Aug/2022:14:01:31 +0800] "POST /nacos/v1/cs/configs/listener HTTP/1.1" 200 - 29516 Java/1.8.0_131
127.0.0.1 - - [03/Aug/2022:14:01:32 +0800] "PUT /nacos/v1/ns/instance/beat?beat=%7B%22cluster%22%3A%22DEFAULT%22%2C%22ip%22%3A%22192.168.56.1%22%2C%22metadata%22%3A%7B%22preserved.register.source%22%3A%22SPRING_CLOUD%22%7D%2C%22period%22%3A5000%2C%22port%22%3A88%2C%22scheduled%22%3Afalse%2C%22serviceName%22%3A%22DEFAULT_GROUP%40%40onlinemall-gateway%22%2C%22stopped%22%3Afalse%2C%22weight%22%3A1.0%7D&serviceName=DEFAULT_GROUP%40%40onlinemall-gateway&encoding=UTF-8&namespaceId=public HTTP/1.1" 200 38 4 Nacos-Java-Client:v1.1.1
127.0.0.1 - - [03/Aug/2022:14:01:34 +0800] "POST /nacos/v1/cs/configs/listener HTTP/1.1" 200 - 29502 Java/1.8.0_131
127.0.0.1 - - [03/Aug/2022:14:01:34 +0800] "PUT /nacos/v1/ns/instance/beat?beat=%7B%22cluster%22%3A%22DEFAULT%22%2C%22ip%22%3A%22192.168.56.1%22%2C%22metadata%22%3A%7B%22preserved.register.source%22%3A%22SPRING_CLOUD%22%7D%2C%22period%22%3A5000%2C%22port%22%3A11000%2C%22scheduled%22%3Afalse%2C%22serviceName%22%3A%22DEFAULT_GROUP%40%40onlinemall-product%22%2C%22stopped%22%3Afalse%2C%22weight%22%3A1.0%7D&serviceName=DEFAULT_GROUP%40%40onlinemall-product&encoding=UTF-8&namespaceId=public HTTP/1.1" 200 38 3 Nacos-Java-Client:v1.1.1
127.0.0.1 - - [03/Aug/2022:14:01:34 +0800] "GET /nacos/v1/ns/instance/list?healthyOnly=false&namespaceId=public&clientIP=192.168.0.106&serviceName=DEFAULT_GROUP%40%40renren-fast&udpPort=62112&encoding=UTF-8 HTTP/1.1" 200 73 5 Nacos-Java-Client:v1.1.1
192.168.56.1 - - [03/Aug/2022:14:01:35 +0800] "GET /nacos/v1/cs/health HTTP/1.1" 200 2 4 Apache-HttpAsyncClient/4.1.3 (Java/1.8.0_131)
127.0.0.1 - - [03/Aug/2022:14:01:35 +0800] "GET /nacos/v1/ns/instance/list?healthyOnly=false&namespaceId=public&clientIP=192.168.0.106&serviceName=DEFAULT_GROUP%40%40renren-fast&udpPort=62112&encoding=UTF-8 HTTP/1.1" 200 73 8 Nacos-Java-Client:v1.1.1
127.0.0.1 - - [03/Aug/2022:14:01:36 +0800] "GET /nacos/v1/ns/instance/list?healthyOnly=false&namespaceId=public&clientIP=192.168.0.106&serviceName=DEFAULT_GROUP%40%40renren-fast&udpPort=62112&encoding=UTF-8 HTTP/1.1" 200 73 3 Nacos-Java-Client:v1.1.1
127.0.0.1 - - [03/Aug/2022:14:01:37 +0800] "PUT /nacos/v1/ns/instance/beat?beat=%7B%22cluster%22%3A%22DEFAULT%22%2C%22ip%22%3A%22192.168.56.1%22%2C%22metadata%22%3A%7B%22preserved.register.source%22%3A%22SPRING_CLOUD%22%7D%2C%22period%22%3A5000%2C%22port%22%3A88%2C%22scheduled%22%3Afalse%2C%22serviceName%22%3A%22DEFAULT_GROUP%40%40onlinemall-gateway%22%2C%22stopped%22%3Afalse%2C%22weight%22%3A1.0%7D&serviceName=DEFAULT_GROUP%40%40onlinemall-gateway&encoding=UTF-8&namespaceId=public HTTP/1.1" 200 38 6 Nacos-Java-Client:v1.1.1
127.0.0.1 - - [03/Aug/2022:14:01:37 +0800] "GET /nacos/v1/ns/instance/list?healthyOnly=false&namespaceId=public&clientIP=192.168.0.106&serviceName=DEFAULT_GROUP%40%40renren-fast&udpPort=62112&encoding=UTF-8 HTTP/1.1" 200 73 1 Nacos-Java-Client:v1.1.1
127.0.0.1 - - [03/Aug/2022:14:01:38 +0800] "GET /nacos/v1/ns/instance/list?healthyOnly=false&namespaceId=public&clientIP=192.168.0.106&serviceName=DEFAULT_GROUP%40%40renren-fast&udpPort=62112&encoding=UTF-8 HTTP/1.1" 200 73 2 Nacos-Java-Client:v1.1.1
127.0.0.1 - - [03/Aug/2022:14:01:39 +0800] "PUT /nacos/v1/ns/instance/beat?beat=%7B%22cluster%22%3A%22DEFAULT%22%2C%22ip%22%3A%22192.168.56.1%22%2C%22metadata%22%3A%7B%22preserved.register.source%22%3A%22SPRING_CLOUD%22%7D%2C%22period%22%3A5000%2C%22port%22%3A11000%2C%22scheduled%22%3Afalse%2C%22serviceName%22%3A%22DEFAULT_GROUP%40%40onlinemall-product%22%2C%22stopped%22%3Afalse%2C%22weight%22%3A1.0%7D&serviceName=DEFAULT_GROUP%40%40onlinemall-product&encoding=UTF-8&namespaceId=public HTTP/1.1" 200 38 2 Nacos-Java-Client:v1.1.1
127.0.0.1 - - [03/Aug/2022:14:01:39 +0800] "GET /nacos/v1/ns/instance/list?healthyOnly=false&namespaceId=public&clientIP=192.168.0.106&serviceName=DEFAULT_GROUP%40%40renren-fast&udpPort=62112&encoding=UTF-8 HTTP/1.1" 200 73 2 Nacos-Java-Client:v1.1.1
192.168.56.1 - - [03/Aug/2022:14:01:40 +0800] "GET /nacos/v1/cs/health HTTP/1.1" 200 2 6 Apache-HttpAsyncClient/4.1.3 (Java/1.8.0_131)
127.0.0.1 - - [03/Aug/2022:14:01:40 +0800] "GET /nacos/v1/ns/instance/list?healthyOnly=false&namespaceId=public&clientIP=192.168.0.106&serviceName=DEFAULT_GROUP%40%40renren-fast&udpPort=62112&encoding=UTF-8 HTTP/1.1" 200 73 2 Nacos-Java-Client:v1.1.1
127.0.0.1 - - [03/Aug/2022:14:01:41 +0800] "GET /nacos/v1/ns/instance/list?healthyOnly=false&namespaceId=public&clientIP=192.168.0.106&serviceName=DEFAULT_GROUP%40%40renren-fast&udpPort=62112&encoding=UTF-8 HTTP/1.1" 200 73 1 Nacos-Java-Client:v1.1.1
127.0.0.1 - - [03/Aug/2022:14:01:42 +0800] "PUT /nacos/v1/ns/instance/beat?beat=%7B%22cluster%22%3A%22DEFAULT%22%2C%22ip%22%3A%22192.168.56.1%22%2C%22metadata%22%3A%7B%22preserved.register.source%22%3A%22SPRING_CLOUD%22%7D%2C%22period%22%3A5000%2C%22port%22%3A88%2C%22scheduled%22%3Afalse%2C%22serviceName%22%3A%22DEFAULT_GROUP%40%40onlinemall-gateway%22%2C%22stopped%22%3Afalse%2C%22weight%22%3A1.0%7D&serviceName=DEFAULT_GROUP%40%40onlinemall-gateway&encoding=UTF-8&namespaceId=public HTTP/1.1" 200 38 6 Nacos-Java-Client:v1.1.1
127.0.0.1 - - [03/Aug/2022:14:01:42 +0800] "GET /nacos/v1/ns/instance/list?healthyOnly=false&namespaceId=public&clientIP=192.168.0.106&serviceName=DEFAULT_GROUP%40%40renren-fast&udpPort=62112&encoding=UTF-8 HTTP/1.1" 200 73 2 Nacos-Java-Client:v1.1.1
127.0.0.1 - - [03/Aug/2022:14:01:43 +0800] "GET /nacos/v1/ns/instance/list?healthyOnly=false&namespaceId=public&clientIP=192.168.0.106&serviceName=DEFAULT_GROUP%40%40renren-fast&udpPort=62112&encoding=UTF-8 HTTP/1.1" 200 73 1 Nacos-Java-Client:v1.1.1
127.0.0.1 - - [03/Aug/2022:14:01:44 +0800] "PUT /nacos/v1/ns/instance/beat?beat=%7B%22cluster%22%3A%22DEFAULT%22%2C%22ip%22%3A%22192.168.56.1%22%2C%22metadata%22%3A%7B%22preserved.register.source%22%3A%22SPRING_CLOUD%22%7D%2C%22period%22%3A5000%2C%22port%22%3A11000%2C%22scheduled%22%3Afalse%2C%22serviceName%22%3A%22DEFAULT_GROUP%40%40onlinemall-product%22%2C%22stopped%22%3Afalse%2C%22weight%22%3A1.0%7D&serviceName=DEFAULT_GROUP%40%40onlinemall-product&encoding=UTF-8&namespaceId=public HTTP/1.1" 200 38 2 Nacos-Java-Client:v1.1.1
127.0.0.1 - - [03/Aug/2022:14:01:44 +0800] "GET /nacos/v1/ns/instance/list?healthyOnly=false&namespaceId=public&clientIP=192.168.0.106&serviceName=DEFAULT_GROUP%40%40renren-fast&udpPort=62112&encoding=UTF-8 HTTP/1.1" 200 73 2 Nacos-Java-Client:v1.1.1
192.168.56.1 - - [03/Aug/2022:14:01:45 +0800] "GET /nacos/v1/cs/health HTTP/1.1" 200 2 4 Apache-HttpAsyncClient/4.1.3 (Java/1.8.0_131)
127.0.0.1 - - [03/Aug/2022:14:01:45 +0800] "GET /nacos/v1/ns/instance/list?healthyOnly=false&namespaceId=public&clientIP=192.168.0.106&serviceName=DEFAULT_GROUP%40%40renren-fast&udpPort=62112&encoding=UTF-8 HTTP/1.1" 200 73 2 Nacos-Java-Client:v1.1.1
127.0.0.1 - - [03/Aug/2022:14:01:46 +0800] "GET /nacos/v1/ns/instance/list?healthyOnly=false&namespaceId=public&clientIP=192.168.0.106&serviceName=DEFAULT_GROUP%40%40renren-fast&udpPort=62112&encoding=UTF-8 HTTP/1.1" 200 73 2 Nacos-Java-Client:v1.1.1
127.0.0.1 - - [03/Aug/2022:14:01:47 +0800] "PUT /nacos/v1/ns/instance/beat?beat=%7B%22cluster%22%3A%22DEFAULT%22%2C%22ip%22%3A%22192.168.56.1%22%2C%22metadata%22%3A%7B%22preserved.register.source%22%3A%22SPRING_CLOUD%22%7D%2C%22period%22%3A5000%2C%22port%22%3A88%2C%22scheduled%22%3Afalse%2C%22serviceName%22%3A%22DEFAULT_GROUP%40%40onlinemall-gateway%22%2C%22stopped%22%3Afalse%2C%22weight%22%3A1.0%7D&serviceName=DEFAULT_GROUP%40%40onlinemall-gateway&encoding=UTF-8&namespaceId=public HTTP/1.1" 200 38 1 Nacos-Java-Client:v1.1.1
127.0.0.1 - - [03/Aug/2022:14:01:47 +0800] "GET /nacos/v1/ns/instance/list?healthyOnly=false&namespaceId=public&clientIP=192.168.0.106&serviceName=DEFAULT_GROUP%40%40renren-fast&udpPort=62112&encoding=UTF-8 HTTP/1.1" 200 73 2 Nacos-Java-Client:v1.1.1
127.0.0.1 - - [03/Aug/2022:14:01:48 +0800] "GET /nacos/v1/ns/instance/list?healthyOnly=false&namespaceId=public&clientIP=192.168.0.106&serviceName=DEFAULT_GROUP%40%40renren-fast&udpPort=62112&encoding=UTF-8 HTTP/1.1" 200 73 4 Nacos-Java-Client:v1.1.1
127.0.0.1 - - [03/Aug/2022:14:01:49 +0800] "PUT /nacos/v1/ns/instance/beat?beat=%7B%22cluster%22%3A%22DEFAULT%22%2C%22ip%22%3A%22192.168.56.1%22%2C%22metadata%22%3A%7B%22preserved.register.source%22%3A%22SPRING_CLOUD%22%7D%2C%22period%22%3A5000%2C%22port%22%3A11000%2C%22scheduled%22%3Afalse%2C%22serviceName%22%3A%22DEFAULT_GROUP%40%40onlinemall-product%22%2C%22stopped%22%3Afalse%2C%22weight%22%3A1.0%7D&serviceName=DEFAULT_GROUP%40%40onlinemall-product&encoding=UTF-8&namespaceId=public HTTP/1.1" 200 38 2 Nacos-Java-Client:v1.1.1
127.0.0.1 - - [03/Aug/2022:14:01:49 +0800] "GET /nacos/v1/ns/instance/list?healthyOnly=false&namespaceId=public&clientIP=192.168.0.106&serviceName=DEFAULT_GROUP%40%40renren-fast&udpPort=62112&encoding=UTF-8 HTTP/1.1" 200 73 3 Nacos-Java-Client:v1.1.1
192.168.56.1 - - [03/Aug/2022:14:01:50 +0800] "GET /nacos/v1/cs/health HTTP/1.1" 200 2 1 Apache-HttpAsyncClient/4.1.3 (Java/1.8.0_131)
127.0.0.1 - - [03/Aug/2022:14:01:50 +0800] "GET /nacos/v1/ns/instance/list?healthyOnly=false&namespaceId=public&clientIP=192.168.0.106&serviceName=DEFAULT_GROUP%40%40renren-fast&udpPort=62112&encoding=UTF-8 HTTP/1.1" 200 73 4 Nacos-Java-Client:v1.1.1
127.0.0.1 - - [03/Aug/2022:14:01:51 +0800] "GET /nacos/v1/ns/instance/list?healthyOnly=false&namespaceId=public&clientIP=192.168.0.106&serviceName=DEFAULT_GROUP%40%40renren-fast&udpPort=62112&encoding=UTF-8 HTTP/1.1" 200 73 3 Nacos-Java-Client:v1.1.1
127.0.0.1 - - [03/Aug/2022:14:01:52 +0800] "PUT /nacos/v1/ns/instance/beat?beat=%7B%22cluster%22%3A%22DEFAULT%22%2C%22ip%22%3A%22192.168.56.1%22%2C%22metadata%22%3A%7B%22preserved.register.source%22%3A%22SPRING_CLOUD%22%7D%2C%22period%22%3A5000%2C%22port%22%3A88%2C%22scheduled%22%3Afalse%2C%22serviceName%22%3A%22DEFAULT_GROUP%40%40onlinemall-gateway%22%2C%22stopped%22%3Afalse%2C%22weight%22%3A1.0%7D&serviceName=DEFAULT_GROUP%40%40onlinemall-gateway&encoding=UTF-8&namespaceId=public HTTP/1.1" 200 38 2 Nacos-Java-Client:v1.1.1
127.0.0.1 - - [03/Aug/2022:14:01:52 +0800] "GET /nacos/v1/ns/instance/list?healthyOnly=false&namespaceId=public&clientIP=192.168.0.106&serviceName=DEFAULT_GROUP%40%40renren-fast&udpPort=62112&encoding=UTF-8 HTTP/1.1" 200 73 2 Nacos-Java-Client:v1.1.1
127.0.0.1 - - [03/Aug/2022:14:01:53 +0800] "GET /nacos/v1/ns/instance/list?healthyOnly=false&namespaceId=public&clientIP=192.168.0.106&serviceName=DEFAULT_GROUP%40%40renren-fast&udpPort=62112&encoding=UTF-8 HTTP/1.1" 200 73 2 Nacos-Java-Client:v1.1.1
127.0.0.1 - - [03/Aug/2022:14:01:54 +0800] "PUT /nacos/v1/ns/instance/beat?beat=%7B%22cluster%22%3A%22DEFAULT%22%2C%22ip%22%3A%22192.168.56.1%22%2C%22metadata%22%3A%7B%22preserved.register.source%22%3A%22SPRING_CLOUD%22%7D%2C%22period%22%3A5000%2C%22port%22%3A11000%2C%22scheduled%22%3Afalse%2C%22serviceName%22%3A%22DEFAULT_GROUP%40%40onlinemall-product%22%2C%22stopped%22%3Afalse%2C%22weight%22%3A1.0%7D&serviceName=DEFAULT_GROUP%40%40onlinemall-product&encoding=UTF-8&namespaceId=public HTTP/1.1" 200 38 1 Nacos-Java-Client:v1.1.1
